---
source: tests/bam_subcommand_test.rs
expression: "String::from_utf8_lossy(&output.stdout)"
---
PASS. Expected tests/data/sample.bam bam.header.rg.count eq 2, got 2
PASS. Expected tests/data/sample.bam bam.header.rg.count gte 1, got 2
PASS. Expected tests/data/sample.bam bam.header.sq.count eq 1, got 1
PASS. Expected tests/data/sample.bam bam.header.pg.count eq 1, got 1
PASS. Expected tests/data/sample.bam bam.header.rg.0.id eq 'H0164.1', got H0164.1
PASS. Expected tests/data/sample.bam bam.header.rg.1.id eq 'H0164.2', got H0164.2
PASS. Expected tests/data/sample.bam bam.header.rg.0.sm eq NA12878, got NA12878
PASS. Expected tests/data/sample.bam bam.header.rg.1.sm eq NA12878, got NA12878
PASS. Expected tests/data/sample.bam bam.header.rg.0.pl eq ILLUMINA, got ILLUMINA
PASS. Expected tests/data/sample.bam bam.header.rg.0.lb eq 'Solexa-272222', got Solexa-272222
PASS. Expected tests/data/sample.bam bam.header.rg.0.pu eq 'H0164ALXX140820.1', got H0164ALXX140820.1
PASS. Expected tests/data/sample.bam bam.header.rg.1.pu eq 'H0164ALXX140820.2', got H0164ALXX140820.2
PASS. Expected tests/data/sample.bam bam.header.rg.0.sm ne NA12891, got NA12878
PASS. Expected tests/data/sample.bam bam.header.rg.0.pl contains LUM, got ILLUMINA
PASS. Expected tests/data/sample.bam bam.header.rg.0.lb starts Solexa, got Solexa-272222
PASS. Expected tests/data/sample.bam bam.header.rg.0.pl matches '^ILL.*A$', got ILLUMINA
PASS. Expected tests/data/sample.bam bam.header.rg.0.present eq true, got true
PASS. Expected tests/data/sample.bam bam.header.rg.1.present eq true, got true
PASS. Expected tests/data/sample.bam bam.header.rg.2.present eq false, got false
PASS. Expected tests/data/sample.bam bam.header.rg.0.sm.present eq true, got true
PASS. Expected tests/data/sample.bam bam.header.rg.0.pu.present eq true, got true
PASS. Expected tests/data/sample.bam bam.header.rg.0.dt.present eq false, got false
PASS. Expected tests/data/sample.bam bam.header.rg.0.cn.present eq false, got false
PASS. Expected tests/data/sample.bam bam.header.hd.vn eq '1.6', got 1.6
PASS. Expected tests/data/sample.bam bam.header.hd.so eq coordinate, got coordinate
PASS. Expected tests/data/sample.bam bam.header.hd.so ne queryname, got coordinate
