---
source: tests/fasta_subcommand_test.rs
expression: "String::from_utf8_lossy(&output.stdout)"
---
PASS. Expected tests/data/sample.fasta fasta.seq.count eq 3, got 3
PASS. Expected tests/data/sample.fasta fasta.seq.count gte 1, got 3
PASS. Expected tests/data/sample.fasta fasta.seq.count lt 10, got 3
PASS. Expected tests/data/sample.fasta fasta.length eq 42, got 42
PASS. Expected tests/data/sample.fasta fasta.length gte 40, got 42
PASS. Expected tests/data/sample.fasta fasta.seq.0.name eq chr1, got chr1
PASS. Expected tests/data/sample.fasta fasta.seq.1.name eq chr2, got chr2
PASS. Expected tests/data/sample.fasta fasta.seq.2.name eq 'NC_000001.11', got NC_000001.11
PASS. Expected tests/data/sample.fasta fasta.seq.0.description eq 'Homo sapiens chromosome 1', got Homo sapiens chromosome 1
PASS. Expected tests/data/sample.fasta fasta.seq.2.description eq 'alternate assembly', got alternate assembly
PASS. Expected tests/data/sample.fasta fasta.seq.0.name contains chr, got chr1
PASS. Expected tests/data/sample.fasta fasta.seq.0.name starts ch, got chr1
PASS. Expected tests/data/sample.fasta fasta.seq.2.name matches '^NC_[0-9]+\.[0-9]+$', got NC_000001.11
PASS. Expected tests/data/sample.fasta fasta.seq.0.name ne chr2, got chr1
PASS. Expected tests/data/sample.fasta fasta.seq.0.length eq 28, got 28
PASS. Expected tests/data/sample.fasta fasta.seq.1.length eq 10, got 10
PASS. Expected tests/data/sample.fasta fasta.seq.2.length eq 4, got 4
PASS. Expected tests/data/sample.fasta fasta.seq.0.length gte 20, got 28
PASS. Expected tests/data/sample.fasta fasta.seq.0.present eq true, got true
PASS. Expected tests/data/sample.fasta fasta.seq.2.present eq true, got true
PASS. Expected tests/data/sample.fasta fasta.seq.3.present eq false, got false
PASS. Expected tests/data/sample.fasta fasta.seq.0.description.present eq true, got true
PASS. Expected tests/data/sample.fasta fasta.seq.1.description.present eq false, got false
