---
source: tests/resource_subcommand_test.rs
expression: "String::from_utf8_lossy(&output.stdout)"
---
PASS. Expected 'abc' text.value eq abc, got abc
PASS. Expected 'abc' text.value starts a, got abc
PASS. Expected 'abc' text.value ends c, got abc
PASS. Expected 'abc' text.value contains b, got abc
PASS. Expected 'NC_000001.11' text.value matches '^NC_', got NC_000001.11
PASS. Expected 'Homo sapiens chromosome 1' text.value contains sapiens, got Homo sapiens chromosome 1
PASS. Expected 'abc' text.length eq 3, got 3
PASS. Expected 'abc' text.length gt 2, got 3
PASS. Expected 'café' text.length eq 4, got 4
PASS. Expected '' text.length eq 0, got 0
PASS. Expected 'tests/data/with space.txt' file.size gt 0B, got 5B
PASS. Expected tests/data/example.tsv tsv.columns.count eq 3, got 3
SKIP. Skipped (condition not met): 'normal' text.value eq tumor, got normal
